// Jest Snapshot v1, https://goo.gl/fbAQLP

exports[`Table Component table rendering 1`] = `
<div
  className="shadow-2x rounded-2xl bg-white p-2 min-w-full"
  data-testid="table"
>
  <table
    className="table-auto min-w-full"
  >
    <thead>
      <tr>
        <th
          className="px-4 py-2 border"
        >
          Col1
        </th>
        <th
          className="px-4 py-2 border"
        >
          Co2
        </th>
        <th
          className="px-4 py-2 border"
        >
          action
        </th>
      </tr>
    </thead>
    <tbody>
      <tr>
        <td
          className="border px-4 py-2  font-medium"
        >
          test
        </td>
        <td
          className="border px-4 py-2  font-medium"
        >
          fdgd
        </td>
        <td
          className="border container py-2 px-2 mx-0 min-w-full flex flex-colalign-top justify-center items-center"
        >
          <button
            className="bg-purple-900 text-white hover:text-seconday hover:bg-primary font-bold py-2 px-4 rounded"
            onClick={[Function]}
          >
            edit
          </button>
        </td>
      </tr>
    </tbody>
  </table>
</div>
`;
